============================= test session starts =============================
platform win32 -- Python 3.14.3, pytest-9.0.2, pluggy-1.6.0
rootdir: D:\TLTN\movie-recommendation-system\backend
plugins: anyio-4.13.0
collected 16 items

tests\test_auth.py F..F                                                  [ 25%]
tests\test_movies.py ......F.....                                        [100%]

================================== FAILURES ===================================
_____________________________ test_login_success ______________________________

self = <sqlalchemy.engine.base.Connection object at 0x000001A3BAB9F020>
dialect = <sqlalchemy.dialects.sqlite.pysqlite.SQLiteDialect_pysqlite object at 0x000001A3E591EC10>
context = <sqlalchemy.dialects.sqlite.base.SQLiteExecutionContext object at 0x000001A3BAAF9490>
statement = <sqlalchemy.dialects.sqlite.base.SQLiteCompiler object at 0x000001A3BAB0A750>
parameters = [('testauth@example.com', 1, 0)]

    def _exec_single_context(
        self,
        dialect: Dialect,
        context: ExecutionContext,
        statement: Union[str, Compiled],
        parameters: Optional[_AnyMultiExecuteParams],
    ) -> CursorResult[Any]:
        """continue the _execute_context() method for a single DBAPI
        cursor.execute() or cursor.executemany() call.
    
        """
        if dialect.bind_typing is BindTyping.SETINPUTSIZES:
            generic_setinputsizes = context._prepare_set_input_sizes()
    
            if generic_setinputsizes:
                try:
                    dialect.do_set_input_sizes(
                        context.cursor, generic_setinputsizes, context
                    )
                except BaseException as e:
                    self._handle_dbapi_exception(
                        e, str(statement), parameters, None, context
                    )
    
        cursor, str_statement, parameters = (
            context.cursor,
            context.statement,
            context.parameters,
        )
    
        effective_parameters: Optional[_AnyExecuteParams]
    
        if not context.executemany:
            effective_parameters = parameters[0]
        else:
            effective_parameters = parameters
    
        if self._has_events or self.engine._has_events:
            for fn in self.dispatch.before_cursor_execute:
                str_statement, effective_parameters = fn(
                    self,
                    cursor,
                    str_statement,
                    effective_parameters,
                    context,
                    context.executemany,
                )
    
        if self._echo:
            self._log_info(str_statement)
    
            stats = context._get_cache_stats()
    
            if not self.engine.hide_parameters:
                self._log_info(
                    "[%s] %r",
                    stats,
                    sql_util._repr_params(
                        effective_parameters,
                        batches=10,
                        ismulti=context.executemany,
                    ),
                )
            else:
                self._log_info(
                    "[%s] [SQL parameters hidden due to hide_parameters=True]",
                    stats,
                )
    
        evt_handled: bool = False
        try:
            if context.execute_style is ExecuteStyle.EXECUTEMANY:
                effective_parameters = cast(
                    "_CoreMultiExecuteParams", effective_parameters
                )
                if self.dialect._has_events:
                    for fn in self.dialect.dispatch.do_executemany:
                        if fn(
                            cursor,
                            str_statement,
                            effective_parameters,
                            context,
                        ):
                            evt_handled = True
                            break
                if not evt_handled:
                    self.dialect.do_executemany(
                        cursor,
                        str_statement,
                        effective_parameters,
                        context,
                    )
            elif not effective_parameters and context.no_parameters:
                if self.dialect._has_events:
                    for fn in self.dialect.dispatch.do_execute_no_params:
                        if fn(cursor, str_statement, context):
                            evt_handled = True
                            break
                if not evt_handled:
                    self.dialect.do_execute_no_params(
                        cursor, str_statement, context
                    )
            else:
                effective_parameters = cast(
                    "_CoreSingleExecuteParams", effective_parameters
                )
                if self.dialect._has_events:
                    for fn in self.dialect.dispatch.do_execute:
                        if fn(
                            cursor,
                            str_statement,
                            effective_parameters,
                            context,
                        ):
                            evt_handled = True
                            break
                if not evt_handled:
>                   self.dialect.do_execute(
                        cursor, str_statement, effective_parameters, context
                    )

C:\Users\admin1\AppData\Local\Python\pythoncore-3.14-64\Lib\site-packages\sqlalchemy\engine\base.py:1967: 
_ _ _ _ _ _ _ _ _ _ _ _ _ _ _ _ _ _ _ _ _ _ _ _ _ _ _ _ _ _ _ _ _ _ _ _ _ _ _ _

self = <sqlalchemy.dialects.sqlite.pysqlite.SQLiteDialect_pysqlite object at 0x000001A3E591EC10>
cursor = <sqlite3.Cursor object at 0x000001A3BAB8E840>
statement = 'SELECT users.id AS users_id, users.email AS users_email, users.password_hash AS users_password_hash, users.role AS users_role, users.created_at AS users_created_at \nFROM users \nWHERE users.email = ?\n LIMIT ? OFFSET ?'
parameters = ('testauth@example.com', 1, 0)
context = <sqlalchemy.dialects.sqlite.base.SQLiteExecutionContext object at 0x000001A3BAAF9490>

    def do_execute(self, cursor, statement, parameters, context=None):
>       cursor.execute(statement, parameters)
E       sqlite3.OperationalError: no such table: users

C:\Users\admin1\AppData\Local\Python\pythoncore-3.14-64\Lib\site-packages\sqlalchemy\engine\default.py:952: OperationalError

The above exception was the direct cause of the following exception:

test_user = (<app.models.user.User object at 0x000001A3BAB30AD0>, 'MySecurePassword123')

    def test_login_success(test_user):
        user, password = test_user
>       response = client.post(
            "/api/v1/auth/login",
            json={"email": user.email, "password": password}
        )

tests\test_auth.py:68: 
_ _ _ _ _ _ _ _ _ _ _ _ _ _ _ _ _ _ _ _ _ _ _ _ _ _ _ _ _ _ _ _ _ _ _ _ _ _ _ _
C:\Users\admin1\AppData\Local\Python\pythoncore-3.14-64\Lib\site-packages\starlette\testclient.py:546: in post
    return super().post(
C:\Users\admin1\AppData\Local\Python\pythoncore-3.14-64\Lib\site-packages\httpx\_client.py:1144: in post
    return self.request(
C:\Users\admin1\AppData\Local\Python\pythoncore-3.14-64\Lib\site-packages\starlette\testclient.py:445: in request
    return super().request(
C:\Users\admin1\AppData\Local\Python\pythoncore-3.14-64\Lib\site-packages\httpx\_client.py:825: in request
    return self.send(request, auth=auth, follow_redirects=follow_redirects)
           ^^^^^^^^^^^^^^^^^^^^^^^^^^^^^^^^^^^^^^^^^^^^^^^^^^^^^^^^^^^^^^^^
C:\Users\admin1\AppData\Local\Python\pythoncore-3.14-64\Lib\site-packages\httpx\_client.py:914: in send
    response = self._send_handling_auth(
C:\Users\admin1\AppData\Local\Python\pythoncore-3.14-64\Lib\site-packages\httpx\_client.py:942: in _send_handling_auth
    response = self._send_handling_redirects(
C:\Users\admin1\AppData\Local\Python\pythoncore-3.14-64\Lib\site-packages\httpx\_client.py:979: in _send_handling_redirects
    response = self._send_single_request(request)
               ^^^^^^^^^^^^^^^^^^^^^^^^^^^^^^^^^^
C:\Users\admin1\AppData\Local\Python\pythoncore-3.14-64\Lib\site-packages\httpx\_client.py:1014: in _send_single_request
    response = transport.handle_request(request)
               ^^^^^^^^^^^^^^^^^^^^^^^^^^^^^^^^^
C:\Users\admin1\AppData\Local\Python\pythoncore-3.14-64\Lib\site-packages\starlette\testclient.py:348: in handle_request
    raise exc
C:\Users\admin1\AppData\Local\Python\pythoncore-3.14-64\Lib\site-packages\starlette\testclient.py:345: in handle_request
    portal.call(self.app, scope, receive, send)
C:\Users\admin1\AppData\Local\Python\pythoncore-3.14-64\Lib\site-packages\anyio\from_thread.py:334: in call
    return cast(T_Retval, self.start_task_soon(func, *args).result())
                          ^^^^^^^^^^^^^^^^^^^^^^^^^^^^^^^^^^^^^^^^^^
C:\Users\admin1\AppData\Local\Python\pythoncore-3.14-64\Lib\concurrent\futures\_base.py:450: in result
    return self.__get_result()
           ^^^^^^^^^^^^^^^^^^^
C:\Users\admin1\AppData\Local\Python\pythoncore-3.14-64\Lib\concurrent\futures\_base.py:395: in __get_result
    raise self._exception
C:\Users\admin1\AppData\Local\Python\pythoncore-3.14-64\Lib\site-packages\anyio\from_thread.py:259: in _call_func
    retval = await retval_or_awaitable
             ^^^^^^^^^^^^^^^^^^^^^^^^^
C:\Users\admin1\AppData\Local\Python\pythoncore-3.14-64\Lib\site-packages\fastapi\applications.py:1159: in __call__
    await super().__call__(scope, receive, send)
C:\Users\admin1\AppData\Local\Python\pythoncore-3.14-64\Lib\site-packages\starlette\applications.py:90: in __call__
    await self.middleware_stack(scope, receive, send)
C:\Users\admin1\AppData\Local\Python\pythoncore-3.14-64\Lib\site-packages\starlette\middleware\errors.py:186: in __call__
    raise exc
C:\Users\admin1\AppData\Local\Python\pythoncore-3.14-64\Lib\site-packages\starlette\middleware\errors.py:164: in __call__
    await self.app(scope, receive, _send)
C:\Users\admin1\AppData\Local\Python\pythoncore-3.14-64\Lib\site-packages\starlette\middleware\cors.py:88: in __call__
    await self.app(scope, receive, send)
C:\Users\admin1\AppData\Local\Python\pythoncore-3.14-64\Lib\site-packages\starlette\middleware\exceptions.py:63: in __call__
    await wrap_app_handling_exceptions(self.app, conn)(scope, receive, send)
C:\Users\admin1\AppData\Local\Python\pythoncore-3.14-64\Lib\site-packages\starlette\_exception_handler.py:53: in wrapped_app
    raise exc
C:\Users\admin1\AppData\Local\Python\pythoncore-3.14-64\Lib\site-packages\starlette\_exception_handler.py:42: in wrapped_app
    await app(scope, receive, sender)
C:\Users\admin1\AppData\Local\Python\pythoncore-3.14-64\Lib\site-packages\fastapi\middleware\asyncexitstack.py:18: in __call__
    await self.app(scope, receive, send)
C:\Users\admin1\AppData\Local\Python\pythoncore-3.14-64\Lib\site-packages\starlette\routing.py:660: in __call__
    await self.middleware_stack(scope, receive, send)
C:\Users\admin1\AppData\Local\Python\pythoncore-3.14-64\Lib\site-packages\starlette\routing.py:680: in app
    await route.handle(scope, receive, send)
C:\Users\admin1\AppData\Local\Python\pythoncore-3.14-64\Lib\site-packages\starlette\routing.py:276: in handle
    await self.app(scope, receive, send)
C:\Users\admin1\AppData\Local\Python\pythoncore-3.14-64\Lib\site-packages\fastapi\routing.py:134: in app
    await wrap_app_handling_exceptions(app, request)(scope, receive, send)
C:\Users\admin1\AppData\Local\Python\pythoncore-3.14-64\Lib\site-packages\starlette\_exception_handler.py:53: in wrapped_app
    raise exc
C:\Users\admin1\AppData\Local\Python\pythoncore-3.14-64\Lib\site-packages\starlette\_exception_handler.py:42: in wrapped_app
    await app(scope, receive, sender)
C:\Users\admin1\AppData\Local\Python\pythoncore-3.14-64\Lib\site-packages\fastapi\routing.py:120: in app
    response = await f(request)
               ^^^^^^^^^^^^^^^^
C:\Users\admin1\AppData\Local\Python\pythoncore-3.14-64\Lib\site-packages\fastapi\routing.py:674: in app
    raw_response = await run_endpoint_function(
C:\Users\admin1\AppData\Local\Python\pythoncore-3.14-64\Lib\site-packages\fastapi\routing.py:330: in run_endpoint_function
    return await run_in_threadpool(dependant.call, **values)
           ^^^^^^^^^^^^^^^^^^^^^^^^^^^^^^^^^^^^^^^^^^^^^^^^^
C:\Users\admin1\AppData\Local\Python\pythoncore-3.14-64\Lib\site-packages\starlette\concurrency.py:32: in run_in_threadpool
    return await anyio.to_thread.run_sync(func)
           ^^^^^^^^^^^^^^^^^^^^^^^^^^^^^^^^^^^^
C:\Users\admin1\AppData\Local\Python\pythoncore-3.14-64\Lib\site-packages\anyio\to_thread.py:63: in run_sync
    return await get_async_backend().run_sync_in_worker_thread(
C:\Users\admin1\AppData\Local\Python\pythoncore-3.14-64\Lib\site-packages\anyio\_backends\_asyncio.py:2518: in run_sync_in_worker_thread
    return await future
           ^^^^^^^^^^^^
C:\Users\admin1\AppData\Local\Python\pythoncore-3.14-64\Lib\site-packages\anyio\_backends\_asyncio.py:1002: in run
    result = context.run(func, *args)
             ^^^^^^^^^^^^^^^^^^^^^^^^
app\routers\auth.py:103: in login
    user = auth_service.authenticate_user(db, user_data.email, user_data.password)
           ^^^^^^^^^^^^^^^^^^^^^^^^^^^^^^^^^^^^^^^^^^^^^^^^^^^^^^^^^^^^^^^^^^^^^^^
app\services\auth_service.py:32: in authenticate_user
    user = get_user_by_email(db, email)
           ^^^^^^^^^^^^^^^^^^^^^^^^^^^^
app\services\auth_service.py:17: in get_user_by_email
    return db.query(User).filter(User.email == email).first()
           ^^^^^^^^^^^^^^^^^^^^^^^^^^^^^^^^^^^^^^^^^^^^^^^^^^
C:\Users\admin1\AppData\Local\Python\pythoncore-3.14-64\Lib\site-packages\sqlalchemy\orm\query.py:2759: in first
    return self.limit(1)._iter().first()  # type: ignore
           ^^^^^^^^^^^^^^^^^^^^^
C:\Users\admin1\AppData\Local\Python\pythoncore-3.14-64\Lib\site-packages\sqlalchemy\orm\query.py:2857: in _iter
    result: Union[ScalarResult[_T], Result[_T]] = self.session.execute(
C:\Users\admin1\AppData\Local\Python\pythoncore-3.14-64\Lib\site-packages\sqlalchemy\orm\session.py:2351: in execute
    return self._execute_internal(
C:\Users\admin1\AppData\Local\Python\pythoncore-3.14-64\Lib\site-packages\sqlalchemy\orm\session.py:2249: in _execute_internal
    result: Result[Any] = compile_state_cls.orm_execute_statement(
C:\Users\admin1\AppData\Local\Python\pythoncore-3.14-64\Lib\site-packages\sqlalchemy\orm\context.py:306: in orm_execute_statement
    result = conn.execute(
C:\Users\admin1\AppData\Local\Python\pythoncore-3.14-64\Lib\site-packages\sqlalchemy\engine\base.py:1419: in execute
    return meth(
C:\Users\admin1\AppData\Local\Python\pythoncore-3.14-64\Lib\site-packages\sqlalchemy\sql\elements.py:527: in _execute_on_connection
    return connection._execute_clauseelement(
C:\Users\admin1\AppData\Local\Python\pythoncore-3.14-64\Lib\site-packages\sqlalchemy\engine\base.py:1641: in _execute_clauseelement
    ret = self._execute_context(
C:\Users\admin1\AppData\Local\Python\pythoncore-3.14-64\Lib\site-packages\sqlalchemy\engine\base.py:1846: in _execute_context
    return self._exec_single_context(
C:\Users\admin1\AppData\Local\Python\pythoncore-3.14-64\Lib\site-packages\sqlalchemy\engine\base.py:1986: in _exec_single_context
    self._handle_dbapi_exception(
C:\Users\admin1\AppData\Local\Python\pythoncore-3.14-64\Lib\site-packages\sqlalchemy\engine\base.py:2363: in _handle_dbapi_exception
    raise sqlalchemy_exception.with_traceback(exc_info[2]) from e
C:\Users\admin1\AppData\Local\Python\pythoncore-3.14-64\Lib\site-packages\sqlalchemy\engine\base.py:1967: in _exec_single_context
    self.dialect.do_execute(
_ _ _ _ _ _ _ _ _ _ _ _ _ _ _ _ _ _ _ _ _ _ _ _ _ _ _ _ _ _ _ _ _ _ _ _ _ _ _ _

self = <sqlalchemy.dialects.sqlite.pysqlite.SQLiteDialect_pysqlite object at 0x000001A3E591EC10>
cursor = <sqlite3.Cursor object at 0x000001A3BAB8E840>
statement = 'SELECT users.id AS users_id, users.email AS users_email, users.password_hash AS users_password_hash, users.role AS users_role, users.created_at AS users_created_at \nFROM users \nWHERE users.email = ?\n LIMIT ? OFFSET ?'
parameters = ('testauth@example.com', 1, 0)
context = <sqlalchemy.dialects.sqlite.base.SQLiteExecutionContext object at 0x000001A3BAAF9490>

    def do_execute(self, cursor, statement, parameters, context=None):
>       cursor.execute(statement, parameters)
E       sqlalchemy.exc.OperationalError: (sqlite3.OperationalError) no such table: users
E       [SQL: SELECT users.id AS users_id, users.email AS users_email, users.password_hash AS users_password_hash, users.role AS users_role, users.created_at AS users_created_at 
E       FROM users 
E       WHERE users.email = ?
E        LIMIT ? OFFSET ?]
E       [parameters: ('testauth@example.com', 1, 0)]
E       (Background on this error at: https://sqlalche.me/e/20/e3q8)

C:\Users\admin1\AppData\Local\Python\pythoncore-3.14-64\Lib\site-packages\sqlalchemy\engine\default.py:952: OperationalError
_____________________________ test_get_me_success _____________________________

self = <sqlalchemy.engine.base.Connection object at 0x000001A3BB328500>
dialect = <sqlalchemy.dialects.sqlite.pysqlite.SQLiteDialect_pysqlite object at 0x000001A3E591EC10>
context = <sqlalchemy.dialects.sqlite.base.SQLiteExecutionContext object at 0x000001A3BB2F1B50>
statement = <sqlalchemy.dialects.sqlite.base.SQLiteCompiler object at 0x000001A3BAB0A750>
parameters = [('testauth@example.com', 1, 0)]

    def _exec_single_context(
        self,
        dialect: Dialect,
        context: ExecutionContext,
        statement: Union[str, Compiled],
        parameters: Optional[_AnyMultiExecuteParams],
    ) -> CursorResult[Any]:
        """continue the _execute_context() method for a single DBAPI
        cursor.execute() or cursor.executemany() call.
    
        """
        if dialect.bind_typing is BindTyping.SETINPUTSIZES:
            generic_setinputsizes = context._prepare_set_input_sizes()
    
            if generic_setinputsizes:
                try:
                    dialect.do_set_input_sizes(
                        context.cursor, generic_setinputsizes, context
                    )
                except BaseException as e:
                    self._handle_dbapi_exception(
                        e, str(statement), parameters, None, context
                    )
    
        cursor, str_statement, parameters = (
            context.cursor,
            context.statement,
            context.parameters,
        )
    
        effective_parameters: Optional[_AnyExecuteParams]
    
        if not context.executemany:
            effective_parameters = parameters[0]
        else:
            effective_parameters = parameters
    
        if self._has_events or self.engine._has_events:
            for fn in self.dispatch.before_cursor_execute:
                str_statement, effective_parameters = fn(
                    self,
                    cursor,
                    str_statement,
                    effective_parameters,
                    context,
                    context.executemany,
                )
    
        if self._echo:
            self._log_info(str_statement)
    
            stats = context._get_cache_stats()
    
            if not self.engine.hide_parameters:
                self._log_info(
                    "[%s] %r",
                    stats,
                    sql_util._repr_params(
                        effective_parameters,
                        batches=10,
                        ismulti=context.executemany,
                    ),
                )
            else:
                self._log_info(
                    "[%s] [SQL parameters hidden due to hide_parameters=True]",
                    stats,
                )
    
        evt_handled: bool = False
        try:
            if context.execute_style is ExecuteStyle.EXECUTEMANY:
                effective_parameters = cast(
                    "_CoreMultiExecuteParams", effective_parameters
                )
                if self.dialect._has_events:
                    for fn in self.dialect.dispatch.do_executemany:
                        if fn(
                            cursor,
                            str_statement,
                            effective_parameters,
                            context,
                        ):
                            evt_handled = True
                            break
                if not evt_handled:
                    self.dialect.do_executemany(
                        cursor,
                        str_statement,
                        effective_parameters,
                        context,
                    )
            elif not effective_parameters and context.no_parameters:
                if self.dialect._has_events:
                    for fn in self.dialect.dispatch.do_execute_no_params:
                        if fn(cursor, str_statement, context):
                            evt_handled = True
                            break
                if not evt_handled:
                    self.dialect.do_execute_no_params(
                        cursor, str_statement, context
                    )
            else:
                effective_parameters = cast(
                    "_CoreSingleExecuteParams", effective_parameters
                )
                if self.dialect._has_events:
                    for fn in self.dialect.dispatch.do_execute:
                        if fn(
                            cursor,
                            str_statement,
                            effective_parameters,
                            context,
                        ):
                            evt_handled = True
                            break
                if not evt_handled:
>                   self.dialect.do_execute(
                        cursor, str_statement, effective_parameters, context
                    )

C:\Users\admin1\AppData\Local\Python\pythoncore-3.14-64\Lib\site-packages\sqlalchemy\engine\base.py:1967: 
_ _ _ _ _ _ _ _ _ _ _ _ _ _ _ _ _ _ _ _ _ _ _ _ _ _ _ _ _ _ _ _ _ _ _ _ _ _ _ _

self = <sqlalchemy.dialects.sqlite.pysqlite.SQLiteDialect_pysqlite object at 0x000001A3E591EC10>
cursor = <sqlite3.Cursor object at 0x000001A3BC7097C0>
statement = 'SELECT users.id AS users_id, users.email AS users_email, users.password_hash AS users_password_hash, users.role AS users_role, users.created_at AS users_created_at \nFROM users \nWHERE users.email = ?\n LIMIT ? OFFSET ?'
parameters = ('testauth@example.com', 1, 0)
context = <sqlalchemy.dialects.sqlite.base.SQLiteExecutionContext object at 0x000001A3BB2F1B50>

    def do_execute(self, cursor, statement, parameters, context=None):
>       cursor.execute(statement, parameters)
E       sqlite3.OperationalError: no such table: users

C:\Users\admin1\AppData\Local\Python\pythoncore-3.14-64\Lib\site-packages\sqlalchemy\engine\default.py:952: OperationalError

The above exception was the direct cause of the following exception:

test_user = (<app.models.user.User object at 0x000001A3BAB17BB0>, 'MySecurePassword123')

    def test_get_me_success(test_user):
        user, password = test_user
    
        # Get token via login
>       login_response = client.post(
            "/api/v1/auth/login",
            json={"email": user.email, "password": password}
        )

tests\test_auth.py:112: 
_ _ _ _ _ _ _ _ _ _ _ _ _ _ _ _ _ _ _ _ _ _ _ _ _ _ _ _ _ _ _ _ _ _ _ _ _ _ _ _
C:\Users\admin1\AppData\Local\Python\pythoncore-3.14-64\Lib\site-packages\starlette\testclient.py:546: in post
    return super().post(
C:\Users\admin1\AppData\Local\Python\pythoncore-3.14-64\Lib\site-packages\httpx\_client.py:1144: in post
    return self.request(
C:\Users\admin1\AppData\Local\Python\pythoncore-3.14-64\Lib\site-packages\starlette\testclient.py:445: in request
    return super().request(
C:\Users\admin1\AppData\Local\Python\pythoncore-3.14-64\Lib\site-packages\httpx\_client.py:825: in request
    return self.send(request, auth=auth, follow_redirects=follow_redirects)
           ^^^^^^^^^^^^^^^^^^^^^^^^^^^^^^^^^^^^^^^^^^^^^^^^^^^^^^^^^^^^^^^^
C:\Users\admin1\AppData\Local\Python\pythoncore-3.14-64\Lib\site-packages\httpx\_client.py:914: in send
    response = self._send_handling_auth(
C:\Users\admin1\AppData\Local\Python\pythoncore-3.14-64\Lib\site-packages\httpx\_client.py:942: in _send_handling_auth
    response = self._send_handling_redirects(
C:\Users\admin1\AppData\Local\Python\pythoncore-3.14-64\Lib\site-packages\httpx\_client.py:979: in _send_handling_redirects
    response = self._send_single_request(request)
               ^^^^^^^^^^^^^^^^^^^^^^^^^^^^^^^^^^
C:\Users\admin1\AppData\Local\Python\pythoncore-3.14-64\Lib\site-packages\httpx\_client.py:1014: in _send_single_request
    response = transport.handle_request(request)
               ^^^^^^^^^^^^^^^^^^^^^^^^^^^^^^^^^
C:\Users\admin1\AppData\Local\Python\pythoncore-3.14-64\Lib\site-packages\starlette\testclient.py:348: in handle_request
    raise exc
C:\Users\admin1\AppData\Local\Python\pythoncore-3.14-64\Lib\site-packages\starlette\testclient.py:345: in handle_request
    portal.call(self.app, scope, receive, send)
C:\Users\admin1\AppData\Local\Python\pythoncore-3.14-64\Lib\site-packages\anyio\from_thread.py:334: in call
    return cast(T_Retval, self.start_task_soon(func, *args).result())
                          ^^^^^^^^^^^^^^^^^^^^^^^^^^^^^^^^^^^^^^^^^^
C:\Users\admin1\AppData\Local\Python\pythoncore-3.14-64\Lib\concurrent\futures\_base.py:450: in result
    return self.__get_result()
           ^^^^^^^^^^^^^^^^^^^
C:\Users\admin1\AppData\Local\Python\pythoncore-3.14-64\Lib\concurrent\futures\_base.py:395: in __get_result
    raise self._exception
C:\Users\admin1\AppData\Local\Python\pythoncore-3.14-64\Lib\site-packages\anyio\from_thread.py:259: in _call_func
    retval = await retval_or_awaitable
             ^^^^^^^^^^^^^^^^^^^^^^^^^
C:\Users\admin1\AppData\Local\Python\pythoncore-3.14-64\Lib\site-packages\fastapi\applications.py:1159: in __call__
    await super().__call__(scope, receive, send)
C:\Users\admin1\AppData\Local\Python\pythoncore-3.14-64\Lib\site-packages\starlette\applications.py:90: in __call__
    await self.middleware_stack(scope, receive, send)
C:\Users\admin1\AppData\Local\Python\pythoncore-3.14-64\Lib\site-packages\starlette\middleware\errors.py:186: in __call__
    raise exc
C:\Users\admin1\AppData\Local\Python\pythoncore-3.14-64\Lib\site-packages\starlette\middleware\errors.py:164: in __call__
    await self.app(scope, receive, _send)
C:\Users\admin1\AppData\Local\Python\pythoncore-3.14-64\Lib\site-packages\starlette\middleware\cors.py:88: in __call__
    await self.app(scope, receive, send)
C:\Users\admin1\AppData\Local\Python\pythoncore-3.14-64\Lib\site-packages\starlette\middleware\exceptions.py:63: in __call__
    await wrap_app_handling_exceptions(self.app, conn)(scope, receive, send)
C:\Users\admin1\AppData\Local\Python\pythoncore-3.14-64\Lib\site-packages\starlette\_exception_handler.py:53: in wrapped_app
    raise exc
C:\Users\admin1\AppData\Local\Python\pythoncore-3.14-64\Lib\site-packages\starlette\_exception_handler.py:42: in wrapped_app
    await app(scope, receive, sender)
C:\Users\admin1\AppData\Local\Python\pythoncore-3.14-64\Lib\site-packages\fastapi\middleware\asyncexitstack.py:18: in __call__
    await self.app(scope, receive, send)
C:\Users\admin1\AppData\Local\Python\pythoncore-3.14-64\Lib\site-packages\starlette\routing.py:660: in __call__
    await self.middleware_stack(scope, receive, send)
C:\Users\admin1\AppData\Local\Python\pythoncore-3.14-64\Lib\site-packages\starlette\routing.py:680: in app
    await route.handle(scope, receive, send)
C:\Users\admin1\AppData\Local\Python\pythoncore-3.14-64\Lib\site-packages\starlette\routing.py:276: in handle
    await self.app(scope, receive, send)
C:\Users\admin1\AppData\Local\Python\pythoncore-3.14-64\Lib\site-packages\fastapi\routing.py:134: in app
    await wrap_app_handling_exceptions(app, request)(scope, receive, send)
C:\Users\admin1\AppData\Local\Python\pythoncore-3.14-64\Lib\site-packages\starlette\_exception_handler.py:53: in wrapped_app
    raise exc
C:\Users\admin1\AppData\Local\Python\pythoncore-3.14-64\Lib\site-packages\starlette\_exception_handler.py:42: in wrapped_app
    await app(scope, receive, sender)
C:\Users\admin1\AppData\Local\Python\pythoncore-3.14-64\Lib\site-packages\fastapi\routing.py:120: in app
    response = await f(request)
               ^^^^^^^^^^^^^^^^
C:\Users\admin1\AppData\Local\Python\pythoncore-3.14-64\Lib\site-packages\fastapi\routing.py:674: in app
    raw_response = await run_endpoint_function(
C:\Users\admin1\AppData\Local\Python\pythoncore-3.14-64\Lib\site-packages\fastapi\routing.py:330: in run_endpoint_function
    return await run_in_threadpool(dependant.call, **values)
           ^^^^^^^^^^^^^^^^^^^^^^^^^^^^^^^^^^^^^^^^^^^^^^^^^
C:\Users\admin1\AppData\Local\Python\pythoncore-3.14-64\Lib\site-packages\starlette\concurrency.py:32: in run_in_threadpool
    return await anyio.to_thread.run_sync(func)
           ^^^^^^^^^^^^^^^^^^^^^^^^^^^^^^^^^^^^
C:\Users\admin1\AppData\Local\Python\pythoncore-3.14-64\Lib\site-packages\anyio\to_thread.py:63: in run_sync
    return await get_async_backend().run_sync_in_worker_thread(
C:\Users\admin1\AppData\Local\Python\pythoncore-3.14-64\Lib\site-packages\anyio\_backends\_asyncio.py:2518: in run_sync_in_worker_thread
    return await future
           ^^^^^^^^^^^^
C:\Users\admin1\AppData\Local\Python\pythoncore-3.14-64\Lib\site-packages\anyio\_backends\_asyncio.py:1002: in run
    result = context.run(func, *args)
             ^^^^^^^^^^^^^^^^^^^^^^^^
app\routers\auth.py:103: in login
    user = auth_service.authenticate_user(db, user_data.email, user_data.password)
           ^^^^^^^^^^^^^^^^^^^^^^^^^^^^^^^^^^^^^^^^^^^^^^^^^^^^^^^^^^^^^^^^^^^^^^^
app\services\auth_service.py:32: in authenticate_user
    user = get_user_by_email(db, email)
           ^^^^^^^^^^^^^^^^^^^^^^^^^^^^
app\services\auth_service.py:17: in get_user_by_email
    return db.query(User).filter(User.email == email).first()
           ^^^^^^^^^^^^^^^^^^^^^^^^^^^^^^^^^^^^^^^^^^^^^^^^^^
C:\Users\admin1\AppData\Local\Python\pythoncore-3.14-64\Lib\site-packages\sqlalchemy\orm\query.py:2759: in first
    return self.limit(1)._iter().first()  # type: ignore
           ^^^^^^^^^^^^^^^^^^^^^
C:\Users\admin1\AppData\Local\Python\pythoncore-3.14-64\Lib\site-packages\sqlalchemy\orm\query.py:2857: in _iter
    result: Union[ScalarResult[_T], Result[_T]] = self.session.execute(
C:\Users\admin1\AppData\Local\Python\pythoncore-3.14-64\Lib\site-packages\sqlalchemy\orm\session.py:2351: in execute
    return self._execute_internal(
C:\Users\admin1\AppData\Local\Python\pythoncore-3.14-64\Lib\site-packages\sqlalchemy\orm\session.py:2249: in _execute_internal
    result: Result[Any] = compile_state_cls.orm_execute_statement(
C:\Users\admin1\AppData\Local\Python\pythoncore-3.14-64\Lib\site-packages\sqlalchemy\orm\context.py:306: in orm_execute_statement
    result = conn.execute(
C:\Users\admin1\AppData\Local\Python\pythoncore-3.14-64\Lib\site-packages\sqlalchemy\engine\base.py:1419: in execute
    return meth(
C:\Users\admin1\AppData\Local\Python\pythoncore-3.14-64\Lib\site-packages\sqlalchemy\sql\elements.py:527: in _execute_on_connection
    return connection._execute_clauseelement(
C:\Users\admin1\AppData\Local\Python\pythoncore-3.14-64\Lib\site-packages\sqlalchemy\engine\base.py:1641: in _execute_clauseelement
    ret = self._execute_context(
C:\Users\admin1\AppData\Local\Python\pythoncore-3.14-64\Lib\site-packages\sqlalchemy\engine\base.py:1846: in _execute_context
    return self._exec_single_context(
C:\Users\admin1\AppData\Local\Python\pythoncore-3.14-64\Lib\site-packages\sqlalchemy\engine\base.py:1986: in _exec_single_context
    self._handle_dbapi_exception(
C:\Users\admin1\AppData\Local\Python\pythoncore-3.14-64\Lib\site-packages\sqlalchemy\engine\base.py:2363: in _handle_dbapi_exception
    raise sqlalchemy_exception.with_traceback(exc_info[2]) from e
C:\Users\admin1\AppData\Local\Python\pythoncore-3.14-64\Lib\site-packages\sqlalchemy\engine\base.py:1967: in _exec_single_context
    self.dialect.do_execute(
_ _ _ _ _ _ _ _ _ _ _ _ _ _ _ _ _ _ _ _ _ _ _ _ _ _ _ _ _ _ _ _ _ _ _ _ _ _ _ _

self = <sqlalchemy.dialects.sqlite.pysqlite.SQLiteDialect_pysqlite object at 0x000001A3E591EC10>
cursor = <sqlite3.Cursor object at 0x000001A3BC7097C0>
statement = 'SELECT users.id AS users_id, users.email AS users_email, users.password_hash AS users_password_hash, users.role AS users_role, users.created_at AS users_created_at \nFROM users \nWHERE users.email = ?\n LIMIT ? OFFSET ?'
parameters = ('testauth@example.com', 1, 0)
context = <sqlalchemy.dialects.sqlite.base.SQLiteExecutionContext object at 0x000001A3BB2F1B50>

    def do_execute(self, cursor, statement, parameters, context=None):
>       cursor.execute(statement, parameters)
E       sqlalchemy.exc.OperationalError: (sqlite3.OperationalError) no such table: users
E       [SQL: SELECT users.id AS users_id, users.email AS users_email, users.password_hash AS users_password_hash, users.role AS users_role, users.created_at AS users_created_at 
E       FROM users 
E       WHERE users.email = ?
E        LIMIT ? OFFSET ?]
E       [parameters: ('testauth@example.com', 1, 0)]
E       (Background on this error at: https://sqlalche.me/e/20/e3q8)

C:\Users\admin1\AppData\Local\Python\pythoncore-3.14-64\Lib\site-packages\sqlalchemy\engine\default.py:952: OperationalError
__________________________ test_upload_video_success __________________________

seed_movies = [<app.models.movie.Movie object at 0x000001A3BA92FDD0>, <app.models.movie.Movie object at 0x000001A3BB2F0F50>, <app.models.movie.Movie object at 0x000001A3BB2F2C90>]

    def test_upload_video_success(seed_movies):
        """
        Tests successful mp4 video upload.
        """
        app.dependency_overrides[get_current_admin_user] = override_get_current_admin_user
        movie_id = str(seed_movies[0].id)
        files = {"file": ("test_vid.mp4", b"fake video bytes", "video/mp4")}
    
        with patch("subprocess.run") as mock_run:
            response = client.post(f"/api/v1/movies/{movie_id}/video", files=files)
    
            assert response.status_code == 200
            data = response.json()
            assert "media/videos/source" in data["video_url"]
            assert data["video_url"].endswith(".mp4")
>           assert data["video_status"] == "processing"
E           AssertionError: assert 'uploaded' == 'processing'
E             
E             - processing
E             + uploaded

tests\test_movies.py:180: AssertionError
============================== warnings summary ===============================
app\database.py:15
  D:\TLTN\movie-recommendation-system\backend\app\database.py:15: MovedIn20Warning: The ``declarative_base()`` function is now available as sqlalchemy.orm.declarative_base(). (deprecated since: 2.0) (Background on SQLAlchemy 2.0 at: https://sqlalche.me/e/b8d9)
    Base = declarative_base()

-- Docs: https://docs.pytest.org/en/stable/how-to/capture-warnings.html
=========================== short test summary info ===========================
FAILED tests/test_auth.py::test_login_success - sqlalchemy.exc.OperationalErr...
FAILED tests/test_auth.py::test_get_me_success - sqlalchemy.exc.OperationalEr...
FAILED tests/test_movies.py::test_upload_video_success - AssertionError: asse...
=================== 3 failed, 13 passed, 1 warning in 9.89s ===================
